CCS PCH C Compiler, Version 5.007, 61971               22-dez-19 21:07

               Filename:   C:\Users\Fabio T. Brito\Dropbox\IFCE\Disciplinas_IFCE\Apostilas IFCE\Microcontroladores e dispositivos periféricos\Programas apostila oficiais\P88\P88.lst

               ROM used:   108 bytes (0%)
                           Largest free fragment is 32660
               RAM used:   8 (0%) at main() level
                           9 (0%) worst case
               Stack used: 0 locations
               Stack size: 31

*
0000:  GOTO   0022
.................... #define sensor_baixo pin_e0 
.................... #define sensor_alto pin_e1 
.................... #define bomba pin_d0 
.................... #include <18F4550.h> 
.................... //////// Standard Header file for the PIC18F4550 device //////////////// 
.................... #device PIC18F4550 
....................  
.................... #list 
....................  
.................... #fuses HS, NOWDT, PUT, BROWNOUT, NOLVP, CPUDIV1,PLL5,USBDIV 
.................... #use delay(clock=20000000) 
.................... int aciona_bomba (int alto, int baixo) { 
.................... if ((alto==0)&&(baixo==0)) {return 0;} 
0004:  MOVF   08,F
0006:  BNZ   0012
0008:  MOVF   09,F
000A:  BNZ   0012
000C:  MOVLW  00
000E:  MOVWF  01
0010:  BRA    001E
.................... if ((alto==1)&&(baixo==1)) {return 1;} 
0012:  DECFSZ 08,W
0014:  BRA    001E
0016:  DECFSZ 09,W
0018:  BRA    001E
001A:  MOVLW  01
001C:  MOVWF  01
001E:  GOTO   0058 (RETURN)
.................... } 
.................... void main() 
0022:  CLRF   FF8
0024:  BCF    FD0.7
0026:  MOVF   FC1,W
0028:  ANDLW  C0
002A:  IORLW  0F
002C:  MOVWF  FC1
002E:  MOVLW  07
0030:  MOVWF  FB4
.................... { 
.................... int estado; 
.................... int x,y; 
.................... while(true) 
.................... { 
.................... if (input(sensor_alto)==1) {x=1;} else {x=0;} 
0032:  BSF    F96.1
0034:  BTFSS  F84.1
0036:  BRA    003E
0038:  MOVLW  01
003A:  MOVWF  06
003C:  BRA    0040
003E:  CLRF   06
.................... if (input(sensor_baixo)==1) {y=1;} else {y=0;} 
0040:  BSF    F96.0
0042:  BTFSS  F84.0
0044:  BRA    004C
0046:  MOVLW  01
0048:  MOVWF  07
004A:  BRA    004E
004C:  CLRF   07
.................... estado = aciona_bomba(x,y); 
004E:  MOVFF  06,08
0052:  MOVFF  07,09
0056:  BRA    0004
0058:  MOVFF  01,05
.................... output_bit(bomba,estado); 
005C:  MOVF   05,F
005E:  BNZ   0064
0060:  BCF    F8C.0
0062:  BRA    0066
0064:  BSF    F8C.0
0066:  BCF    F95.0
0068:  BRA    0032
.................... }} 
....................  
006A:  SLEEP 

Configuration Fuses:
   Word  1: CC24   PLL5 CPUDIV1 USBDIV HS FCMEN IESO
   Word  2: 1E3E   PUT BROWNOUT BORV21 VREGEN NOWDT WDT32768
   Word  3: 8700   CCP2C1 PBADEN LPT1OSC MCLR
   Word  4: 00A1   STVREN NOLVP ICSP2 NOXINST NODEBUG
   Word  5: C00F   NOPROTECT NOCPB NOCPD
   Word  6: E00F   NOWRT NOWRTC NOWRTB NOWRTD
   Word  7: 400F   NOEBTR NOEBTRB
